V3 21
FL C:/Users/fjosl/Desktop/Xilinx/Projects/AlarmClock/Alarm.vhd 2022/06/23.21:21:57 P.20131013
EN work/Alarm 1656017374 \
      FL C:/Users/fjosl/Desktop/Xilinx/Projects/AlarmClock/Alarm.vhd \
      PB ieee/std_logic_1164 1381692176 PB ieee/std_logic_arith 1381692177 \
      PB ieee/STD_LOGIC_UNSIGNED 1381692179 PB ieee/NUMERIC_STD 1381692181
AR work/Alarm/Behavioral 1656017375 \
      FL C:/Users/fjosl/Desktop/Xilinx/Projects/AlarmClock/Alarm.vhd \
      EN work/Alarm 1656017374
FL C:/Users/fjosl/Desktop/Xilinx/Projects/AlarmClock/AlarmClock.vhd 2022/06/23.22:49:17 P.20131013
EN work/Digital_Clock 1656017378 \
      FL C:/Users/fjosl/Desktop/Xilinx/Projects/AlarmClock/AlarmClock.vhd \
      PB ieee/std_logic_1164 1381692176 PB ieee/std_logic_arith 1381692177 \
      PB ieee/STD_LOGIC_UNSIGNED 1381692179
AR work/Digital_Clock/Behavioral 1656017379 \
      FL C:/Users/fjosl/Desktop/Xilinx/Projects/AlarmClock/AlarmClock.vhd \
      EN work/Digital_Clock 1656017378 CP Clock CP Controller CP Alarm \
      CP NumberDisplay
FL C:/Users/fjosl/Desktop/Xilinx/Projects/AlarmClock/Clock.vhd 2022/06/23.21:25:40 P.20131013
EN work/Clock 1656017370 \
      FL C:/Users/fjosl/Desktop/Xilinx/Projects/AlarmClock/Clock.vhd \
      PB ieee/std_logic_1164 1381692176 PB ieee/std_logic_arith 1381692177 \
      PB ieee/STD_LOGIC_UNSIGNED 1381692179
AR work/Clock/Behavioral 1656017371 \
      FL C:/Users/fjosl/Desktop/Xilinx/Projects/AlarmClock/Clock.vhd \
      EN work/Clock 1656017370
FL C:/Users/fjosl/Desktop/Xilinx/Projects/AlarmClock/Controller.vhd 2022/06/23.21:27:17 P.20131013
EN work/Controller 1656017372 \
      FL C:/Users/fjosl/Desktop/Xilinx/Projects/AlarmClock/Controller.vhd \
      PB ieee/std_logic_1164 1381692176 PB ieee/std_logic_arith 1381692177 \
      PB ieee/STD_LOGIC_UNSIGNED 1381692179 PB ieee/NUMERIC_STD 1381692181
AR work/Controller/Behavioral 1656017373 \
      FL C:/Users/fjosl/Desktop/Xilinx/Projects/AlarmClock/Controller.vhd \
      EN work/Controller 1656017372
FL C:/Users/fjosl/Desktop/Xilinx/Projects/AlarmClock/NumberDisplay.vhd 2022/06/23.21:31:01 P.20131013
EN work/NumberDisplay 1656017376 \
      FL C:/Users/fjosl/Desktop/Xilinx/Projects/AlarmClock/NumberDisplay.vhd \
      PB ieee/std_logic_1164 1381692176 PB ieee/std_logic_arith 1381692177 \
      PB ieee/STD_LOGIC_UNSIGNED 1381692179 PB ieee/NUMERIC_STD 1381692181
AR work/NumberDisplay/Behavioral 1656017377 \
      FL C:/Users/fjosl/Desktop/Xilinx/Projects/AlarmClock/NumberDisplay.vhd \
      EN work/NumberDisplay 1656017376
